ladder started Thu Sep 10 08:32:10 AM PDT 2026, waiting for locks to clear
=== al32 gpu time (MDF=2 KCHUNK=2 DB=2e8) [11:36:11] ===
case=al32 device=cuda mode=time threads=8 nk=8 npw=9939 grid=(54, 54, 54) ne=352.0
setup 0.3s  SCF 901.59s  iters=12 conv=True
F = -60055.27829773 eV
peak CUDA mem: 3.31 GiB
DONE
--- arm exit=0 [11:51:15] ---
=== si64 gpu time (MDF=2 KCHUNK=2 DB=2e8) [11:53:15] ===
case=si64 device=cuda mode=time threads=8 nk=8 npw=23871 grid=(72, 72, 72) ne=256.0
Traceback (most recent call last):
  File "/home/wladerer/gradwave-fftemu/experiments/gpu_resident_scf/profile_scf.py", line 136, in <module>
    res = run()
          ^^^^^
  File "/home/wladerer/gradwave-fftemu/experiments/gpu_resident_scf/profile_scf.py", line 122, in run
    res = scf(system, xc, etol=1e-8, rhotol=1e-7, verbose=False,
          ^^^^^^^^^^^^^^^^^^^^^^^^^^^^^^^^^^^^^^^^^^^^^^^^^^^^^^
  File "/home/wladerer/gradwave-fftemu/.venv/lib/python3.12/site-packages/torch/utils/_contextlib.py", line 124, in decorate_context
    return func(*args, **kwargs)
           ^^^^^^^^^^^^^^^^^^^^^
  File "/home/wladerer/gradwave-fftemu/src/gradwave/scf/loop.py", line 2089, in scf
    projs_b = projectors_b(bk, system.positions)
              ^^^^^^^^^^^^^^^^^^^^^^^^^^^^^^^^^^
  File "/home/wladerer/gradwave-fftemu/src/gradwave/core/batch.py", line 282, in projectors_b
    return bk.proj_phase_free * phases[:, :, bk.proj_atom_index].permute(0, 2, 1)
           ~~~~~~~~~~~~~~~~~~~^~~~~~~~~~~~~~~~~~~~~~~~~~~~~~~~~~~~~~~~~~~~~~~~~~~
torch.OutOfMemoryError: CUDA out of memory. Tried to allocate 1.46 GiB. GPU 0 has a total capacity of 5.67 GiB of which 769.38 MiB is free. Including non-PyTorch memory, this process has 4.91 GiB memory in use. Of the allocated memory 4.74 GiB is allocated by PyTorch, and 64.91 MiB is reserved by PyTorch but unallocated. If reserved but unallocated memory is large try setting PYTORCH_CUDA_ALLOC_CONF=expandable_segments:True to avoid fragmentation.  See documentation for Memory Management  (https://docs.pytorch.org/docs/stable/notes/cuda.html#optimizing-memory-usage-with-pytorch-cuda-alloc-conf)
--- arm exit=1 [11:53:19] ---
=== al32 gpu profile3 [11:53:19] ===
/home/wladerer/gradwave-fftemu/.venv/lib/python3.12/site-packages/torch/profiler/profiler.py:272: UserWarning: Warning: Profiler clears events at the end of each cycle.Only events from the current cycle will be reported.To keep events across cycles, set acc_events=True.
  _warn_once(
USDT:2026-09-10 11:53:21 1382738:1382738 ActivityProfilerController.cpp:415] profiler_start
USDT:2026-09-10 11:56:49 1382738:1382738 ActivityProfilerController.cpp:455] profiler_stop
--- arm exit=143 [12:40:58] ---
