=== CHOLQR=off TOEPLITZ=off ===
device=cpu threads=8
case    nat    ne   nk    npw         grid   setup      scf  it    E/atom (eV)
si2       2     8    8    749 (25, 25, 25)    0.2s     1.2s   8    -106.972474
c2        2     8    8    331 (20, 20, 20)    0.1s     0.5s   9    -154.529563
gaas      2    18    8   1291 (32, 32, 32)    0.2s     4.6s  13    -970.723248
al        1    11   29    531 (21, 21, 21)    0.1s     3.0s   9   -1882.427521
cu        1    19   29    411 (21, 21, 21)    0.1s     4.9s  10   -4950.464580
mgo       2    16    8    749 (25, 25, 25)    0.2s     1.8s  11    -957.630857
si8       8    32    4   2969 (35, 35, 35)    0.3s     6.2s  10    -106.958802
si64     64   256    1  23871 (72, 72, 72)    4.7s   277.5s  14    -106.958805
=== CHOLQR=on TOEPLITZ=off ===
device=cpu threads=8
case    nat    ne   nk    npw         grid   setup      scf  it    E/atom (eV)
si2       2     8    8    749 (25, 25, 25)    0.1s     1.2s   8    -106.972474
c2        2     8    8    331 (20, 20, 20)    0.1s     0.5s   9    -154.529563
gaas      2    18    8   1291 (32, 32, 32)    0.2s     4.6s  13    -970.723248
al        1    11   29    531 (21, 21, 21)    0.1s     3.2s   9   -1882.427521
cu        1    19   29    411 (21, 21, 21)    0.1s     4.9s  10   -4950.464580
mgo       2    16    8    749 (25, 25, 25)    0.2s     1.8s  11    -957.630857
si8       8    32    4   2969 (35, 35, 35)    0.3s     6.0s  10    -106.958802
si64     64   256    1  23871 (72, 72, 72)    3.8s   277.1s  13    -106.958805
=== CHOLQR=off TOEPLITZ=auto ===
device=cpu threads=8
case    nat    ne   nk    npw         grid   setup      scf  it    E/atom (eV)
si2       2     8    8    749 (25, 25, 25)    0.1s     1.0s   8    -106.972474
c2        2     8    8    331 (20, 20, 20)    0.1s     0.4s   9    -154.529563
gaas      2    18    8   1291 (32, 32, 32)    0.2s     3.8s  13    -970.723248
al        1    11   29    531 (21, 21, 21)    0.1s     2.3s   9   -1882.427521
cu        1    19   29    411 (21, 21, 21)    0.1s     2.9s  10   -4950.464580
mgo       2    16    8    749 (25, 25, 25)    0.2s     1.3s  11    -957.630857
si8       8    32    4   2969 (35, 35, 35)    0.3s     6.2s  10    -106.958802
si64     64   256    1  23871 (72, 72, 72)    3.7s   279.7s  14    -106.958805
=== CHOLQR=on TOEPLITZ=auto ===
device=cpu threads=8
case    nat    ne   nk    npw         grid   setup      scf  it    E/atom (eV)
si2       2     8    8    749 (25, 25, 25)    0.1s     1.0s   8    -106.972474
c2        2     8    8    331 (20, 20, 20)    0.1s     0.4s   9    -154.529563
gaas      2    18    8   1291 (32, 32, 32)    0.2s     3.8s  13    -970.723248
al        1    11   29    531 (21, 21, 21)    0.1s     2.3s   9   -1882.427521
cu        1    19   29    411 (21, 21, 21)    0.1s     2.9s  10   -4950.464580
mgo       2    16    8    749 (25, 25, 25)    0.2s     1.4s  11    -957.630857
si8       8    32    4   2969 (35, 35, 35)    0.3s     5.9s  10    -106.958802
si64     64   256    1  23871 (72, 72, 72)    3.6s   274.0s  13    -106.958805
EXIT=0
DONE
